Starting result monitor...
Discovered result for REQ-MAC-AC660276
Successfully verified and acknowledged result for REQ-MAC-AC660276
Discovered result for REQ-DISTINCT-1789295742
Successfully verified and acknowledged result for REQ-DISTINCT-1789295742
Discovered result for REQ-WIN-DELEGATION-01-1789295993
Successfully verified and acknowledged result for REQ-WIN-DELEGATION-01-1789295993
Discovered result for REQ-WIN-DELEGATION-02-1789295999
Successfully verified and acknowledged result for REQ-WIN-DELEGATION-02-1789295999
Discovered result for REQ-DYNAMIC-WAKE-1789296011
Successfully verified and acknowledged result for REQ-DYNAMIC-WAKE-1789296011
Discovered result for REQ-SYNAPSE-DEL-01-1789296348
Successfully verified and acknowledged result for REQ-SYNAPSE-DEL-01-1789296348
Discovered result for REQ-SYNAPSE-DEL-02-1789296360
Successfully verified and acknowledged result for REQ-SYNAPSE-DEL-02-1789296360
Discovered result for REQ-SYNAPSE-SPRINT-01-1789296715
Successfully verified and acknowledged result for REQ-SYNAPSE-SPRINT-01-1789296715
Discovered result for REQ-SYNAPSE-SPRINT-02-1789296724
Successfully verified and acknowledged result for REQ-SYNAPSE-SPRINT-02-1789296724
Discovered result for REQ-CLOSURE-VERIFY-1789297426
Successfully verified and acknowledged result for REQ-CLOSURE-VERIFY-1789297426
