Starting Mac Worker HTTP Daemon...
Worker using key: test-secret
Registration successful
Worker using key: test-secret
Worker using key: test-secret
Processing task T1
Running NATIVE task T1
Worker using key: test-secret
Result posted successfully: {'status': 'ACK_RESULT_RECEIVED'}
Worker using key: test-secret
Worker using key: test-secret
Worker using key: test-secret
Worker using key: test-secret
Worker using key: test-secret
Worker using key: test-secret
Worker using key: test-secret
Worker using key: test-secret
Worker using key: test-secret
Worker using key: test-secret
Worker using key: test-secret
Worker using key: test-secret
Worker using key: test-secret
Worker using key: test-secret
Worker using key: test-secret
Worker using key: test-secret
Worker using key: test-secret
Worker using key: test-secret
Worker using key: test-secret
Worker using key: test-secret
Worker using key: test-secret
Worker using key: test-secret
Worker using key: test-secret
Worker using key: test-secret
Worker using key: test-secret
Worker using key: test-secret
Worker using key: test-secret
Worker using key: test-secret
Worker using key: test-secret
Worker using key: test-secret
Worker using key: test-secret
Worker using key: test-secret
Worker using key: test-secret
Worker using key: test-secret
Worker using key: test-secret
Worker using key: test-secret
Worker using key: test-secret
Worker using key: test-secret
Worker using key: test-secret
Worker using key: test-secret
Worker using key: test-secret
Worker using key: test-secret
Worker using key: test-secret
Worker using key: test-secret
Worker using key: test-secret
Worker using key: test-secret
Worker using key: test-secret
Worker using key: test-secret
Worker using key: test-secret
Worker using key: test-secret
