[Verifier] Starting Courier Verifier (VERIFIER-01) pointing to http://127.0.0.1:8080
[Verifier] Verifying task task-a-e946 (result result-dispatch-ba1321bd1c074725bce89dbd3c8b6a7b)...
[Verifier] Successfully verified task-a-e946 with verdict PASS
[Verifier] Verifying task task-b-c269 (result d53715b8-7db2-461c-9162-f907ca469d28)...
[Verifier] Successfully verified task-b-c269 with verdict PASS
[Verifier] Verifying task task-a-360d (result 312641ca-44ed-4ef0-9a48-7cac560bb0d1)...
[Verifier] Successfully verified task-a-360d with verdict PASS
[Verifier] Verifying task task-b-937c (result 55166cc3-063e-4607-8bdf-653b6730df53)...
[Verifier] Successfully verified task-b-937c with verdict PASS
[Verifier] Verifying task task-a-315e (result 854f3b59-2d48-406f-afc6-8b32341984bc)...
[Verifier] Successfully verified task-a-315e with verdict PASS
[Verifier] Verifying task task-b-06e2 (result 17831da6-aed9-4d8c-86bd-ac544ea1c7bd)...
[Verifier] Successfully verified task-b-06e2 with verdict PASS
[Verifier] Verifying task msg-1-cd34 (result 3d5131f8-87e4-443a-9cfb-4ef578c5f495)...
[Verifier] Successfully verified msg-1-cd34 with verdict PASS
[Verifier] Verifying task msg-2-cb3a (result abc7ee5a-ae57-463b-ba70-67930e080cc1)...
[Verifier] Successfully verified msg-2-cb3a with verdict PASS
[Verifier] Verifying task msg-3-e85b (result 12db1929-b718-45db-ad76-b5b743218e73)...
[Verifier] Successfully verified msg-3-e85b with verdict PASS
[Verifier] Verifying task task-ext-4a74 (result result-dispatch-d9501c5b046440a5ac2562b0e42ea628)...
[Verifier] Successfully verified task-ext-4a74 with verdict PASS
[Verifier] Verifying task task-pipe-0ee9 (result b793f012-d94c-4573-b821-0ab86df58ecc)...
[Verifier] Successfully verified task-pipe-0ee9 with verdict PASS
[Verifier] Verifying task task-1-b654 (result 2b1ebb31-4a74-463a-9dfd-0fee030c5a97)...
[Verifier] Successfully verified task-1-b654 with verdict PASS
[Verifier] Verifying task task-3-2f54 (result 66587dcb-fcf2-47c4-bce0-518320a50fba)...
[Verifier] Successfully verified task-3-2f54 with verdict PASS
[Verifier] Verifying task task-2-d8c4 (result result-dispatch-d89bf3206f7e472d8868982c5eaadc3f)...
[Verifier] Successfully verified task-2-d8c4 with verdict PASS
[Verifier] Verifying task task-a-d2c2 (result 1c14d5f1-e21e-46ca-a69c-d6b85b80ee4c)...
[Verifier] Successfully verified task-a-d2c2 with verdict PASS
