{"event_id": "153b03fb-3363-461e-811e-a252690a3940", "timestamp_utc": "2026-09-13T11:27:19.927190+00:00", "node_id": "WINDOWS_PC2", "supervisor_pid": 19192, "event_type": "STALE_LOCK_RECLAIMED", "details": "Reclaimed lock for terminated PID: 16916"}
{"event_id": "c80197f7-3d0d-4cdf-bae5-dfaeda5fc2ac", "timestamp_utc": "2026-09-13T11:27:22.047020+00:00", "node_id": "WINDOWS_PC2", "supervisor_pid": 19192, "event_type": "RELAY_DAEMON_SPAWNED", "details": "Spawned PID=17240, lock_active=True, count=1"}
{"event_id": "d6296a68-fa78-4275-814e-e102e0db53f5", "timestamp_utc": "2026-09-13T11:28:38.712852+00:00", "node_id": "WINDOWS_PC2", "supervisor_pid": 5612, "event_type": "STALE_LOCK_RECLAIMED", "details": "Reclaimed lock for terminated PID: 17240"}
{"event_id": "05d3551a-6804-4d93-aef7-466dcc4bfb10", "timestamp_utc": "2026-09-13T11:28:40.903774+00:00", "node_id": "WINDOWS_PC2", "supervisor_pid": 5612, "event_type": "RELAY_DAEMON_SPAWNED", "details": "Spawned PID=8476, lock_active=True, count=1"}
{"event_id": "16bfc9d0-3793-4303-b32b-942356240159", "timestamp_utc": "2026-09-13T11:29:08.176910+00:00", "node_id": "WINDOWS_PC2", "supervisor_pid": 7020, "event_type": "STALE_LOCK_RECLAIMED", "details": "Reclaimed lock for terminated PID: 8476"}
{"event_id": "9e953108-b8b5-47b8-b0b0-0d597bd18de5", "timestamp_utc": "2026-09-13T11:29:10.240166+00:00", "node_id": "WINDOWS_PC2", "supervisor_pid": 7020, "event_type": "RELAY_DAEMON_SPAWNED", "details": "Spawned PID=9860, lock_active=True, count=1"}
{"event_id": "dcefae14-9ce7-477d-ae27-31a3edd99615", "timestamp_utc": "2026-09-13T11:32:31.180602+00:00", "node_id": "WINDOWS_PC2", "supervisor_pid": 7976, "event_type": "STALE_LOCK_RECLAIMED", "details": "Reclaimed lock for terminated PID: 9860"}
{"event_id": "96cee3b5-98d3-4a58-9b04-e07efdcd5741", "timestamp_utc": "2026-09-13T11:32:33.243884+00:00", "node_id": "WINDOWS_PC2", "supervisor_pid": 7976, "event_type": "RELAY_DAEMON_SPAWNED", "details": "Spawned PID=8232, lock_active=True, count=1"}
{"event_id": "ab406abb-9b45-44e9-a0a9-164e6c207c27", "timestamp_utc": "2026-09-13T13:32:06.176092+00:00", "node_id": "WINDOWS_PC2", "supervisor_pid": 19172, "event_type": "STALE_LOCK_RECLAIMED", "details": "Reclaimed lock for terminated PID: None"}
{"event_id": "de6c3937-343a-431e-af6f-48dd107a9f02", "timestamp_utc": "2026-09-13T13:32:08.246822+00:00", "node_id": "WINDOWS_PC2", "supervisor_pid": 19172, "event_type": "RELAY_DAEMON_SPAWNED", "details": "Spawned PID=1664, lock_active=True, count=1"}
{"event_id": "e01146af-5080-4c9d-b25f-24809c75ea2d", "timestamp_utc": "2026-09-13T15:12:46.978056+00:00", "node_id": "WINDOWS_PC2", "supervisor_pid": 10156, "event_type": "GATEWAY_DAEMON_SPAWNED", "details": "Spawned PID=10740, alive=True, port=8088"}
{"event_id": "6e7e9066-aac9-42ff-9038-16fc096ea662", "timestamp_utc": "2026-09-13T20:07:39.853821+00:00", "node_id": "WINDOWS_PC2", "supervisor_pid": 18580, "event_type": "STALE_LOCK_RECLAIMED", "details": "Reclaimed lock for terminated PID: 4164"}
{"event_id": "769eaa42-b127-4b25-9d40-168473979e45", "timestamp_utc": "2026-09-13T20:07:41.963133+00:00", "node_id": "WINDOWS_PC2", "supervisor_pid": 18580, "event_type": "RELAY_DAEMON_SPAWNED", "details": "Spawned PID=16780, lock_active=True, count=1"}
{"event_id": "ff7b6499-6b8f-42a3-b47f-4c079acebd62", "timestamp_utc": "2026-09-13T20:07:42.156400+00:00", "node_id": "WINDOWS_PC2", "supervisor_pid": 18580, "event_type": "STALE_GOAL_SUPERVISOR_LOCK_RECLAIMED", "details": "Reclaimed lock for dead PID: 8788"}
{"event_id": "5c4a866a-4889-45cf-8bc1-0661316d4618", "timestamp_utc": "2026-09-13T20:07:44.274203+00:00", "node_id": "WINDOWS_PC2", "supervisor_pid": 18580, "event_type": "GOAL_SUPERVISOR_DAEMON_SPAWNED", "details": "Spawned PID=1844, lock_active=True"}
{"event_id": "8324f5ae-2e61-4f33-96d0-f20fd8d23b0e", "timestamp_utc": "2026-09-13T20:07:54.115468+00:00", "node_id": "WINDOWS_PC2", "supervisor_pid": 15176, "event_type": "STALE_LOCK_RECLAIMED", "details": "Reclaimed lock for terminated PID: 16780"}
{"event_id": "81750635-b545-476b-a37b-ff3902987f39", "timestamp_utc": "2026-09-13T20:07:56.219355+00:00", "node_id": "WINDOWS_PC2", "supervisor_pid": 15176, "event_type": "RELAY_DAEMON_SPAWNED", "details": "Spawned PID=2480, lock_active=True, count=1"}
{"event_id": "475dfa9c-092f-4920-bf87-45d70dcdeb88", "timestamp_utc": "2026-09-13T20:07:56.327593+00:00", "node_id": "WINDOWS_PC2", "supervisor_pid": 15176, "event_type": "STALE_GOAL_SUPERVISOR_LOCK_RECLAIMED", "details": "Reclaimed lock for dead PID: 1844"}
{"event_id": "6edfcb5b-c29d-4eac-ba04-8fca5a7f3de8", "timestamp_utc": "2026-09-13T20:07:58.428636+00:00", "node_id": "WINDOWS_PC2", "supervisor_pid": 15176, "event_type": "GOAL_SUPERVISOR_DAEMON_SPAWNED", "details": "Spawned PID=3028, lock_active=True"}
{"event_id": "3869fa13-ea1f-4771-9514-e1795fc23c82", "timestamp_utc": "2026-09-13T20:08:02.700376+00:00", "node_id": "WINDOWS_PC2", "supervisor_pid": 15176, "event_type": "GATEWAY_DAEMON_SPAWNED", "details": "Spawned PID=20080, alive=True, port=8088"}
