[Verifier] Starting Courier Verifier (VERIFIER-01) pointing to http://127.0.0.1:8081
[Verifier] Verifying task mw-task-01 (result 1f3fd30e-a16d-43a2-9be2-f15aa914efd6)...
[Verifier] Artifact missing: courier_canary_mw_01.txt
[Verifier] Successfully verified mw-task-01 with verdict FAIL
[Verifier] Verifying task mw-task-02 (result 532cfd64-40f0-4e00-a87c-d8b3f1552c03)...
[Verifier] Artifact missing: courier_canary_mw_02.txt
[Verifier] Successfully verified mw-task-02 with verdict FAIL
[Verifier] Verifying task mw-task-03 (result ec123585-f47b-438d-af8b-aab0bd3e99c4)...
[Verifier] Artifact missing: courier_canary_mw_03.txt
[Verifier] Successfully verified mw-task-03 with verdict FAIL
[Verifier] Verifying task mw-task-01 (result 7312d024-601c-4b4c-8283-27e6b989236b)...
[Verifier] Successfully verified mw-task-01 with verdict PASS
[Verifier] Verifying task mw-task-02 (result 723415e8-9973-460b-ac89-ba5080122f36)...
[Verifier] Successfully verified mw-task-02 with verdict PASS
[Verifier] Verifying task mw-task-03 (result 4f20cf76-9f6f-4e54-bc6f-608b88802c9c)...
[Verifier] Successfully verified mw-task-03 with verdict PASS
[Verifier] Verifying task mw-task-01 (result 3b3b31c9-8536-4084-8bb7-bbfff27e0c4e)...
[Verifier] Successfully verified mw-task-01 with verdict PASS
[Verifier] Verifying task mw-task-02 (result c8b678a5-149b-499c-9520-2bfd4fb98029)...
[Verifier] Successfully verified mw-task-02 with verdict PASS
[Verifier] Verifying task mw-task-03 (result 69bae055-d18a-41bd-9017-58fdce91d2ec)...
[Verifier] Successfully verified mw-task-03 with verdict PASS
[Verifier] Verifying task mw-task-04 (result 8b090cca-0533-46ce-9262-c8acdc1da144)...
[Verifier] Successfully verified mw-task-04 with verdict PASS
[Verifier] Verifying task mw-task-05 (result 8e538210-d7e9-4445-80be-526ad38fa8fe)...
[Verifier] Successfully verified mw-task-05 with verdict PASS
[Verifier] Verifying task mw-task-06 (result e9963544-0f0d-4e78-aedc-b8b0a3d3b823)...
[Verifier] Successfully verified mw-task-06 with verdict PASS
[Verifier] Verifying task mw-task-01 (result 4079dde0-63fa-4826-820f-da9934e0deb0)...
[Verifier] Successfully verified mw-task-01 with verdict PASS
[Verifier] Verifying task mw-task-02 (result f77b6657-5de5-4669-97dd-8f138224798f)...
[Verifier] Successfully verified mw-task-02 with verdict PASS
[Verifier] Verifying task mw-task-03 (result 8a5df83b-aecf-4092-887b-79ed6871b617)...
[Verifier] Successfully verified mw-task-03 with verdict PASS
[Verifier] Verifying task mw-task-04 (result b8d4b6d6-1dd5-4dd6-8e4c-3e424445ad9b)...
[Verifier] Successfully verified mw-task-04 with verdict PASS
[Verifier] Verifying task mw-task-05 (result 8c583b49-e02f-459d-9326-8563bd24b79b)...
[Verifier] Successfully verified mw-task-05 with verdict PASS
[Verifier] Verifying task mw-task-06 (result 036cfaa8-82de-4494-aedb-f6f887c0740f)...
[Verifier] Successfully verified mw-task-06 with verdict PASS
[Verifier] Verifying task mw-task-01 (result 7a902f7f-24d8-4b2f-904e-1a76e465cc15)...
[Verifier] Successfully verified mw-task-01 with verdict PASS
[Verifier] Verifying task mw-task-02 (result 5c01f670-90c4-442f-9b18-5ee7f10e847a)...
[Verifier] Successfully verified mw-task-02 with verdict PASS
[Verifier] Verifying task mw-task-03 (result 72993eff-86f4-4a7c-8c2b-3374e45e959f)...
[Verifier] Successfully verified mw-task-03 with verdict PASS
[Verifier] Verifying task mw-task-04 (result 82c0f1f6-4948-45f1-95fe-0f6cac62cc6f)...
[Verifier] Successfully verified mw-task-04 with verdict PASS
[Verifier] Verifying task mw-task-05 (result ed3ffde2-8797-4575-a5c9-9a5ba55c1759)...
[Verifier] Successfully verified mw-task-05 with verdict PASS
[Verifier] Verifying task mw-task-06 (result e724dfb5-1bcc-428e-846b-2096dfce2981)...
[Verifier] Successfully verified mw-task-06 with verdict PASS
[Verifier] Verifying task torture-seq-01 (result 427f1f8b-6f4f-4ad0-9a68-ae5c959f12d4)...
[Verifier] Successfully verified torture-seq-01 with verdict PASS
[Verifier] Verifying task torture-seq-02 (result 378d1287-a88a-4705-b627-e5569487aa0f)...
[Verifier] Successfully verified torture-seq-02 with verdict PASS
[Verifier] Verifying task torture-seq-01 (result c3c2b442-7a8b-4a0d-ab45-171538d4ee7e)...
[Verifier] Successfully verified torture-seq-01 with verdict PASS
[Verifier] Verifying task torture-seq-02 (result 02335bcb-0a05-4830-92a6-083e9f2484c1)...
[Verifier] Successfully verified torture-seq-02 with verdict PASS
[Verifier] Verifying task torture-indep-task (result 798e89a0-777e-4dd9-bc8f-6f8c14aed04d)...
[Verifier] Successfully verified torture-indep-task with verdict PASS
[Verifier] Verifying task torture-seq-01 (result f1ef058e-0f66-47fc-9502-b057f0020f31)...
[Verifier] Successfully verified torture-seq-01 with verdict PASS
[Verifier] Verifying task torture-seq-02 (result e0018e6b-6b7a-4646-aad7-b7eaf5e620fe)...
[Verifier] Successfully verified torture-seq-02 with verdict PASS
[Verifier] Error polling for tasks: HTTPConnectionPool(host='127.0.0.1', port=8081): Max retries exceeded with url: /tasks/pending_verification (Caused by NewConnectionError('<urllib3.connection.HTTPConnection object at 0x1094841f0>: Failed to establish a new connection: [Errno 61] Connection refused'))
