--- INJECTING REAL GOAL ---
1. Injected Idea: c3af7223-5e2b-4a8a-98a8-3ab0fd72dbd5 -> 'Fix the Windows executor to use safe restricted commands. Then test it by running the tests natively on Windows. Make sure Mac verifies the result.'
2. Planner derived mission: plan-disc-45cfb0c1 for agent CLI1
3. Enqueued Opportunity: plan-disc-45cfb0c1
4. Router visibility for CLI1:
{
  "worker_id": "CLI1",
  "available": true,
  "safe_task_available": true,
  "task_id": "plan-disc-45cfb0c1",
  "task_fingerprint": "96dc8bcda182aad7",
  "scope": [
    "SAFE_LOCAL_VALIDATION"
  ],
  "risk": "SAFE",
  "heavy_job": false,
  "block_reason": null,
  "recommended_action": "DISPATCH_TASK_plan-disc-45cfb0c1",
  "target_host": null
}
SUCCESS: Router recommended the new opportunity!
--- ENTERING AUTONOMOUS LOOP ---
--- DISPATCHING LOOP: plan-disc-45cfb0c1 to CLI1 ---
Kickstart result returned to /Users/user/Downloads/2026-courier/coordination/windows_to_mac/results/REQ-MAC-96dc8bcd.json
Marked task plan-disc-45cfb0c1 as COMPLETED
--- READY_WORK_UNROUTED; waiting 1s for a real state change ---
Discovered result for REQ-MAC-96dc8bcd
Successfully verified and acknowledged result for REQ-MAC-96dc8bcd
--- READY_WORK_UNROUTED; waiting 2s for a real state change ---
--- READY_WORK_UNROUTED; waiting 4s for a real state change ---
--- READY_WORK_UNROUTED; waiting 8s for a real state change ---
--- READY_WORK_UNROUTED; waiting 15s for a real state change ---
--- READY_WORK_UNROUTED; waiting 15s for a real state change ---
--- READY_WORK_UNROUTED; waiting 15s for a real state change ---
--- READY_WORK_UNROUTED; waiting 15s for a real state change ---
--- READY_WORK_UNROUTED; waiting 15s for a real state change ---
--- READY_WORK_UNROUTED; waiting 15s for a real state change ---
--- READY_WORK_UNROUTED; waiting 15s for a real state change ---
--- READY_WORK_UNROUTED; waiting 15s for a real state change ---
--- READY_WORK_UNROUTED; waiting 15s for a real state change ---
--- READY_WORK_UNROUTED; waiting 15s for a real state change ---
--- READY_WORK_UNROUTED; waiting 15s for a real state change ---
--- READY_WORK_UNROUTED; waiting 15s for a real state change ---
--- READY_WORK_UNROUTED; waiting 15s for a real state change ---
--- READY_WORK_UNROUTED; waiting 15s for a real state change ---
--- READY_WORK_UNROUTED; waiting 15s for a real state change ---
--- READY_WORK_UNROUTED; waiting 15s for a real state change ---
--- READY_WORK_UNROUTED; waiting 15s for a real state change ---
--- READY_WORK_UNROUTED; waiting 15s for a real state change ---
--- READY_WORK_UNROUTED; waiting 15s for a real state change ---
--- READY_WORK_UNROUTED; waiting 15s for a real state change ---
--- READY_WORK_UNROUTED; waiting 15s for a real state change ---
--- READY_WORK_UNROUTED; waiting 15s for a real state change ---
--- READY_WORK_UNROUTED; waiting 15s for a real state change ---
--- READY_WORK_UNROUTED; waiting 15s for a real state change ---
--- READY_WORK_UNROUTED; waiting 15s for a real state change ---
--- READY_WORK_UNROUTED; waiting 15s for a real state change ---
--- READY_WORK_UNROUTED; waiting 15s for a real state change ---
--- READY_WORK_UNROUTED; waiting 15s for a real state change ---
--- READY_WORK_UNROUTED; waiting 15s for a real state change ---
--- READY_WORK_UNROUTED; waiting 15s for a real state change ---
--- READY_WORK_UNROUTED; waiting 15s for a real state change ---
--- READY_WORK_UNROUTED; waiting 15s for a real state change ---
--- READY_WORK_UNROUTED; waiting 15s for a real state change ---
--- READY_WORK_UNROUTED; waiting 15s for a real state change ---
--- READY_WORK_UNROUTED; waiting 15s for a real state change ---
--- READY_WORK_UNROUTED; waiting 15s for a real state change ---
--- READY_WORK_UNROUTED; waiting 15s for a real state change ---
--- READY_WORK_UNROUTED; waiting 15s for a real state change ---
--- DISPATCHING LOOP: task-a-proof to WINDOWS ---
Discovered result for REQ-MAC-b46d4dfc
Successfully verified and acknowledged result for REQ-MAC-b46d4dfc
Marked task task-a-proof as COMPLETED
--- READY_WORK_UNROUTED; waiting 1s for a real state change ---
--- READY_WORK_UNROUTED; waiting 2s for a real state change ---
Kickstart result returned to /Users/user/Downloads/2026-courier/coordination/windows_to_mac/results/REQ-MAC-b46d4dfc.json
--- READY_WORK_UNROUTED; waiting 4s for a real state change ---
--- READY_WORK_UNROUTED; waiting 8s for a real state change ---
--- READY_WORK_UNROUTED; waiting 15s for a real state change ---
--- READY_WORK_UNROUTED; waiting 15s for a real state change ---
--- READY_WORK_UNROUTED; waiting 15s for a real state change ---
--- READY_WORK_UNROUTED; waiting 15s for a real state change ---
--- READY_WORK_UNROUTED; waiting 15s for a real state change ---
--- READY_WORK_UNROUTED; waiting 15s for a real state change ---
--- READY_WORK_UNROUTED; waiting 15s for a real state change ---
--- READY_WORK_UNROUTED; waiting 15s for a real state change ---
--- READY_WORK_UNROUTED; waiting 15s for a real state change ---
--- READY_WORK_UNROUTED; waiting 15s for a real state change ---
--- READY_WORK_UNROUTED; waiting 15s for a real state change ---
--- READY_WORK_UNROUTED; waiting 15s for a real state change ---
--- READY_WORK_UNROUTED; waiting 15s for a real state change ---
--- DISPATCHING LOOP: task-b-6e37b9 to WINDOWS ---
--- READY_WORK_UNROUTED; waiting 1s for a real state change ---
--- READY_WORK_UNROUTED; waiting 2s for a real state change ---
Kickstart result returned to /Users/user/Downloads/2026-courier/coordination/windows_to_mac/results/REQ-MAC-79382cdb.json
Discovered result for REQ-MAC-79382cdb
Successfully verified and acknowledged result for REQ-MAC-79382cdb
--- READY_WORK_UNROUTED; waiting 4s for a real state change ---
--- READY_WORK_UNROUTED; waiting 8s for a real state change ---
--- READY_WORK_UNROUTED; waiting 15s for a real state change ---
--- READY_WORK_UNROUTED; waiting 15s for a real state change ---
--- READY_WORK_UNROUTED; waiting 15s for a real state change ---
--- READY_WORK_UNROUTED; waiting 15s for a real state change ---
--- READY_WORK_UNROUTED; waiting 15s for a real state change ---
--- READY_WORK_UNROUTED; waiting 15s for a real state change ---
--- READY_WORK_UNROUTED; waiting 15s for a real state change ---
--- READY_WORK_UNROUTED; waiting 15s for a real state change ---
--- DISPATCHING LOOP: task-b-95985d to WINDOWS ---
--- READY_WORK_UNROUTED; waiting 1s for a real state change ---
--- READY_WORK_UNROUTED; waiting 2s for a real state change ---
Kickstart result returned to /Users/user/Downloads/2026-courier/coordination/windows_to_mac/results/REQ-MAC-4b14bbd5.json
Discovered result for REQ-MAC-4b14bbd5
Error processing coordination/windows_to_mac/results/REQ-MAC-4b14bbd5.json: [Errno 2] No such file or directory: 'coordination/mac_to_windows/acks/REQ-MAC-4b14bbd5.ack.tmp' -> 'coordination/mac_to_windows/acks/REQ-MAC-4b14bbd5.ack.json'
Marked task task-b-95985d as COMPLETED
--- READY_WORK_UNROUTED; waiting 4s for a real state change ---
--- READY_WORK_UNROUTED; waiting 8s for a real state change ---
--- READY_WORK_UNROUTED; waiting 15s for a real state change ---
--- READY_WORK_UNROUTED; waiting 15s for a real state change ---
--- READY_WORK_UNROUTED; waiting 15s for a real state change ---
--- READY_WORK_UNROUTED; waiting 15s for a real state change ---
--- READY_WORK_UNROUTED; waiting 15s for a real state change ---
--- READY_WORK_UNROUTED; waiting 15s for a real state change ---
--- READY_WORK_UNROUTED; waiting 15s for a real state change ---
--- READY_WORK_UNROUTED; waiting 15s for a real state change ---
--- READY_WORK_UNROUTED; waiting 15s for a real state change ---
--- READY_WORK_UNROUTED; waiting 15s for a real state change ---
--- READY_WORK_UNROUTED; waiting 15s for a real state change ---
--- READY_WORK_UNROUTED; waiting 15s for a real state change ---
--- READY_WORK_UNROUTED; waiting 15s for a real state change ---
--- READY_WORK_UNROUTED; waiting 15s for a real state change ---
--- READY_WORK_UNROUTED; waiting 15s for a real state change ---
Marked task plan-imp-ea791415 as COMPLETED
--- QUIESCENT_WAKEABLE; waiting 15s for a real state change ---
