# Courier Mac — After-Ledger Continuous Finisher Report

**Host**: `MAC`  
**Provider**: `GOOGLE_CLI`  
**Model Class**: `C1`  
**Gate Status**: `PRE_CODEX_STATE=DURABILITY_PENDING` (Blocked on authoritative durability of reported `FINAL_SHA`)  
**Ledger Work**: `SKIP` (100% Reconciled)  
**Slot Idle**: `NON-TERMINAL` (Active Daemon Polling Cycle)

---

## 1. Phase A — Candidate-Independent Mac Prep Status

All candidate-independent verification tasks, contract specifications, and harness binders are fully complete, audited, and verified:

| Priority | Task ID | Name | Deliverable | Result & Verification Status |
| :--- | :--- | :--- | :--- | :--- |
| 1 | `MAC_HNI_01` | `RUN1_COMMAND_BINDER` | [`RUN1_PHYSICAL_BINDING_TEMPLATE.sh`](file:///Users/user/Downloads/2026-courier/scripts/run1_physical/RUN1_PHYSICAL_BINDING_TEMPLATE.sh) | `COMPLETE` |
| 2 | `MAC_HNI_02` | `RUN1_EVIDENCE_LAYOUT` | [`RUN1_EVIDENCE_LAYOUT.md`](file:///Users/user/Downloads/2026-courier/scripts/run1_physical/RUN1_EVIDENCE_LAYOUT.md) | `COMPLETE` |
| 3 | `MAC_HNI_03` | `RUN1_A_ONCE_PROOF` | [`RUN1_A_ONCE_PROOF_CONTRACT.md`](file:///Users/user/Downloads/2026-courier/scripts/run1_physical/RUN1_A_ONCE_PROOF_CONTRACT.md) | `COMPLETE` |
| 4 | `MAC_HNI_04` | `RUN1_EXPECTED_HASH_CHAIN` | [`RUN1_EXPECTED_HASH_CHAIN.md`](file:///Users/user/Downloads/2026-courier/scripts/run1_physical/RUN1_EXPECTED_HASH_CHAIN.md) | `COMPLETE` |
| 5 | `MAC_HNI_05` | `RUN1_SERVER_BYTES_PROOF` | [`RUN1_SERVER_BYTES_PROOF_CONTRACT.md`](file:///Users/user/Downloads/2026-courier/scripts/run1_physical/RUN1_SERVER_BYTES_PROOF_CONTRACT.md) | `COMPLETE` |
| 6 | `MAC_HNI_06` | `RUN1_VERIFY_RECONCILE_PROOF` | [`RUN1_VERIFY_RECONCILE_PROOF_CONTRACT.md`](file:///Users/user/Downloads/2026-courier/scripts/run1_physical/RUN1_VERIFY_RECONCILE_PROOF_CONTRACT.md) | `COMPLETE` |
| 7 | `MAC_HNI_07` | `RUN1_B_AUTOSTART_PROOF` | [`RUN1_B_AUTOSTART_PROOF_CONTRACT.md`](file:///Users/user/Downloads/2026-courier/scripts/run1_physical/RUN1_B_AUTOSTART_PROOF_CONTRACT.md) | `COMPLETE` |
| 8 | `MAC_HNI_08` | `RUN1_ZERO_RELAY_PROOF` | [`RUN1_ZERO_RELAY_PROOF_CONTRACT.md`](file:///Users/user/Downloads/2026-courier/scripts/run1_physical/RUN1_ZERO_RELAY_PROOF_CONTRACT.md) | `COMPLETE` |
| 9 | `MAC_HNI_09` | `RUN1_FAILED_EXECUTION_GUARD` | [`RUN1_FAILED_EXECUTION_GUARD.md`](file:///Users/user/Downloads/2026-courier/scripts/run1_physical/RUN1_FAILED_EXECUTION_GUARD.md) | `COMPLETE` |
| 10 | `MAC_HNI_10` | `RUN1_RESULT_TEMPLATE` | [`RUN1_RESULT_TEMPLATE.json`](file:///Users/user/Downloads/2026-courier/scripts/run1_physical/RUN1_RESULT_TEMPLATE.json) | `COMPLETE` |
| 11 | `MAC_HNI_11` | `RUN2_RESTART_BINDER` | [`RUN2_PHYSICAL_BINDING_TEMPLATE.sh`](file:///Users/user/Downloads/2026-courier/scripts/run2_physical/RUN2_PHYSICAL_BINDING_TEMPLATE.sh) | `COMPLETE` |
| 12 | `MAC_HNI_12` | `RUN2_A_PERSISTENCE_PROOF` | [`RUN2_A_PERSISTENCE_PROOF_CONTRACT.md`](file:///Users/user/Downloads/2026-courier/scripts/run2_physical/RUN2_A_PERSISTENCE_PROOF_CONTRACT.md) | `COMPLETE` |
| 13 | `MAC_HNI_13` | `RUN2_NO_A_REPLAY_PROOF` | [`RUN2_NO_A_REPLAY_PROOF_CONTRACT.md`](file:///Users/user/Downloads/2026-courier/scripts/run2_physical/RUN2_NO_A_REPLAY_PROOF_CONTRACT.md) | `COMPLETE` |
| 14 | `MAC_HNI_14` | `RUN2_B_CONTINUATION_PROOF` | [`RUN2_B_CONTINUATION_PROOF_CONTRACT.md`](file:///Users/user/Downloads/2026-courier/scripts/run2_physical/RUN2_B_CONTINUATION_PROOF_CONTRACT.md) | `COMPLETE` |
| 15 | `MAC_HNI_15` | `RUN2_EXECUTION_COUNT_PROOF` | [`RUN2_EXECUTION_COUNT_PROOF_CONTRACT.md`](file:///Users/user/Downloads/2026-courier/scripts/run2_physical/RUN2_EXECUTION_COUNT_PROOF_CONTRACT.md) | `COMPLETE` |
| 16 | `MAC_HNI_17` | `PROCESS_PORT_OWNERSHIP` | [`PROCESS_PORT_OWNERSHIP.md`](file:///Users/user/Downloads/2026-courier/scripts/run1_physical/PROCESS_PORT_OWNERSHIP.md) | `COMPLETE` |
| 17 | `MAC_HNI_18` | `STATE_LOG_ARTIFACT_ISOLATION` | [`STATE_LOG_ARTIFACT_ISOLATION.md`](file:///Users/user/Downloads/2026-courier/scripts/run1_physical/STATE_LOG_ARTIFACT_ISOLATION.md) | `COMPLETE` |
| 18 | `MAC_HNI_19` | `RESOURCE_ADMISSION` | [`RESOURCE_ADMISSION.md`](file:///Users/user/Downloads/2026-courier/scripts/run1_physical/RESOURCE_ADMISSION.md) | `COMPLETE` |
| 19 | `MAC_HNI_20` | `NO_TIGHT_POLLING_AUDIT` | [`NO_TIGHT_POLLING_AUDIT.md`](file:///Users/user/Downloads/2026-courier/scripts/run1_physical/NO_TIGHT_POLLING_AUDIT.md) | `COMPLETE` |
| 20 | `MAC_HNI_21` | `PROOF_CARD_FINALIZER` | [`verify_proof_contracts.py`](file:///Users/user/Downloads/2026-courier/scripts/run1_physical/verify_proof_contracts.py) | `COMPLETE` (11 contract checks verified) |
| 21 | `MAC_HNI_22` | `CORE_FREEZE_CLOSEOUT` | [`CORE_FREEZE_PREPARATION_EVIDENCE_2026-09-27.md`](file:///Users/user/Downloads/2026-courier/ops/ai/CORE_FREEZE_PREPARATION_EVIDENCE_2026-09-27.md) | `COMPLETE` |
| — | `MAC_HNI_16` | `RUNTIME_SOURCE_BINDING` | [`RUNTIME_SOURCE_BINDING.json`](file:///Users/user/Downloads/2026-courier/scripts/run1_physical/RUNTIME_SOURCE_BINDING.json) | Prepared candidate-independent (`"{{FINAL_SHA}}"`), pending authoritative durability |

---

## 2. Executable Verification & Preflight Checks

1. **Contract Harness Self-Test**:
   - Command: `python3 scripts/run1_physical/verify_proof_contracts.py --self-test`
   - Result: `All 11 proof contract self-tests PASSED successfully.`
2. **Preflight Resource & Port Dry-Runs**:
   - [`scripts/run_physical.py`](file:///Users/user/Downloads/2026-courier/scripts/run_physical.py): `[RUN_1] Preflight check PASSED.`
   - [`scripts/run_physical_restart.py`](file:///Users/user/Downloads/2026-courier/scripts/run_physical_restart.py): `[RUN_2] Preflight check PASSED.`

---

## 3. Gate & Coordination State

- **Current Gate State**: [`ops/ai/GATE_STATE_CURRENT.md`](file:///Users/user/Downloads/2026-courier/ops/ai/GATE_STATE_CURRENT.md)
  - `PRE_CODEX_STATE=DURABILITY_PENDING`
  - `REPORTED_FINAL_SHA=34b0a4264bf763bc2a78f761ffba36e47706b2cf`
  - `REMOTE_GITHUB_RESOLUTION=NOT_FOUND_AS_OF_2026-09-28`
  - `AUTHORITATIVE_READY=NO`
- **Cost Guard & Safety Directives**:
  - Per directive, no duplicate PRE_CODEX validation runs are admitted for unchanged reported SHA.
  - Physical execution of `RUN_1` is strictly held until `READY_FOR_PHYSICAL_RUN=YES`.
  - Physical execution of `RUN_2` is strictly held until `RUN_1 PASS`.
  - The continuous supervisor daemon (`/tmp/courier-noidle/relaunch.sh`) maintains active monitoring without tight-polling or premature termination.
