root agent idle; waiting up to 30m0s for 1 background task(s)
# COURIER MAC — AFTER-LEDGER CONTINUOUS FINISHER

**Host**: `MAC`  
**Provider**: `GOOGLE_CLI`  
**Model Class**: `C1`  
**Phase**: `PHASE A — WHILE PRE_CODEX DURABILITY_PENDING`  
**Status**: `CANDIDATE_INDEPENDENT_PREP_COMPLETE`

---

### Progress & Status Summary

1. **Phase A Claim Execution**:
   - All 21 candidate-independent tasks (`MAC_HNI_01` through `MAC_HNI_22`) have been claimed, delivered, and verified:
     - [`scripts/run1_physical/RUN1_PHYSICAL_BINDING_TEMPLATE.sh`](file:///Users/user/Downloads/2026-courier/scripts/run1_physical/RUN1_PHYSICAL_BINDING_TEMPLATE.sh) (RUN 1 command binder)
     - [`scripts/run1_physical/RUN1_EVIDENCE_LAYOUT.md`](file:///Users/user/Downloads/2026-courier/scripts/run1_physical/RUN1_EVIDENCE_LAYOUT.md)
     - [`scripts/run1_physical/RUN1_A_ONCE_PROOF_CONTRACT.md`](file:///Users/user/Downloads/2026-courier/scripts/run1_physical/RUN1_A_ONCE_PROOF_CONTRACT.md)
     - [`scripts/run1_physical/RUN1_EXPECTED_HASH_CHAIN.md`](file:///Users/user/Downloads/2026-courier/scripts/run1_physical/RUN1_EXPECTED_HASH_CHAIN.md)
     - [`scripts/run1_physical/RUN1_SERVER_BYTES_PROOF_CONTRACT.md`](file:///Users/user/Downloads/2026-courier/scripts/run1_physical/RUN1_SERVER_BYTES_PROOF_CONTRACT.md)
     - [`scripts/run1_physical/RUN1_VERIFY_RECONCILE_PROOF_CONTRACT.md`](file:///Users/user/Downloads/2026-courier/scripts/run1_physical/RUN1_VERIFY_RECONCILE_PROOF_CONTRACT.md)
     - [`scripts/run1_physical/RUN1_B_AUTOSTART_PROOF_CONTRACT.md`](file:///Users/user/Downloads/2026-courier/scripts/run1_physical/RUN1_B_AUTOSTART_PROOF_CONTRACT.md)
     - [`scripts/run1_physical/RUN1_ZERO_RELAY_PROOF_CONTRACT.md`](file:///Users/user/Downloads/2026-courier/scripts/run1_physical/RUN1_ZERO_RELAY_PROOF_CONTRACT.md)
     - [`scripts/run1_physical/RUN1_FAILED_EXECUTION_GUARD.md`](file:///Users/user/Downloads/2026-courier/scripts/run1_physical/RUN1_FAILED_EXECUTION_GUARD.md)
     - [`scripts/run1_physical/RUN1_RESULT_TEMPLATE.json`](file:///Users/user/Downloads/2026-courier/scripts/run1_physical/RUN1_RESULT_TEMPLATE.json)
     - [`scripts/run2_physical/RUN2_PHYSICAL_BINDING_TEMPLATE.sh`](file:///Users/user/Downloads/2026-courier/scripts/run2_physical/RUN2_PHYSICAL_BINDING_TEMPLATE.sh) (RUN 2 restart binder)
     - [`scripts/run2_physical/RUN2_A_PERSISTENCE_PROOF_CONTRACT.md`](file:///Users/user/Downloads/2026-courier/scripts/run2_physical/RUN2_A_PERSISTENCE_PROOF_CONTRACT.md)
     - [`scripts/run2_physical/RUN2_NO_A_REPLAY_PROOF_CONTRACT.md`](file:///Users/user/Downloads/2026-courier/scripts/run2_physical/RUN2_NO_A_REPLAY_PROOF_CONTRACT.md)
     - [`scripts/run2_physical/RUN2_B_CONTINUATION_PROOF_CONTRACT.md`](file:///Users/user/Downloads/2026-courier/scripts/run2_physical/RUN2_B_CONTINUATION_PROOF_CONTRACT.md)
     - [`scripts/run2_physical/RUN2_EXECUTION_COUNT_PROOF_CONTRACT.md`](file:///Users/user/Downloads/2026-courier/scripts/run2_physical/RUN2_EXECUTION_COUNT_PROOF_CONTRACT.md)
     - [`scripts/run1_physical/RUNTIME_SOURCE_BINDING.json`](file:///Users/user/Downloads/2026-courier/scripts/run1_physical/RUNTIME_SOURCE_BINDING.json) (`MAC_HNI_16`: candidate-independent fields prepared; awaiting authoritative durability)
     - [`scripts/run1_physical/PROCESS_PORT_OWNERSHIP.md`](file:///Users/user/Downloads/2026-courier/scripts/run1_physical/PROCESS_PORT_OWNERSHIP.md)
     - [`scripts/run1_physical/STATE_LOG_ARTIFACT_ISOLATION.md`](file:///Users/user/Downloads/2026-courier/scripts/run1_physical/STATE_LOG_ARTIFACT_ISOLATION.md)
     - [`scripts/run1_physical/RESOURCE_ADMISSION.md`](file:///Users/user/Downloads/2026-courier/scripts/run1_physical/RESOURCE_ADMISSION.md)
     - [`scripts/run1_physical/NO_TIGHT_POLLING_AUDIT.md`](file:///Users/user/Downloads/2026-courier/scripts/run1_physical/NO_TIGHT_POLLING_AUDIT.md)
     - [`scripts/run1_physical/verify_proof_contracts.py`](file:///Users/user/Downloads/2026-courier/scripts/run1_physical/verify_proof_contracts.py) (`MAC_HNI_21`: verified all 11 proof contracts and negative falsifiability self-tests passed)
     - [`docs/proofs/CORE_FREEZE_CLOSEOUT_CHECKLIST.md`](file:///Users/user/Downloads/2026-courier/docs/proofs/CORE_FREEZE_CLOSEOUT_CHECKLIST.md) (`MAC_HNI_22`: Core Freeze checklist prepared)
   - Fixed unescaped timestamps across all 24 claim files in [`ops/ai/wall_claims/`](file:///Users/user/Downloads/2026-courier/ops/ai/wall_claims/) to ensure strict JSON validity.
   - Resource and port preflight checks passed cleanly for both RUN 1 and RUN 2 (`--dry-run-check`).

2. **Invariants Enforced**:
   - `LEDGER_WORK=SKIP`: Ledger files preserved intact without edits.
   - Cost guard respected: Did not revalidate unchanged PRE_CODEX.
   - Zero premature execution: Neither RUN 1 nor RUN 2 executed prior to authorization.

3. **Continuous Autopilot Loop**:
   - Standard 60-second backoff sleep initiated in background.
   - Will refresh changed metadata and switch to exact Mac binding as soon as `READY_FOR_PHYSICAL_RUN=YES` is signaled.
# COURIER MAC — AFTER-LEDGER CONTINUOUS FINISHER REPORT

**Host**: `MAC` (`Darwin 25.6.0 x86_64`)  
**Provider**: `GOOGLE_CLI`  
**Model Class**: `C1`  
**Phase**: `PHASE A — WHILE PRE_CODEX DURABILITY_PENDING`  
**Operational Status**: `CANDIDATE_INDEPENDENT_PREP_COMPLETE`  
**Ledger Invariant**: `LEDGER_WORK=SKIP` (Intact and unmutated)

---

## 1. Phase A Execution Board (MAC_HNI_01 through MAC_HNI_22)

All 21 candidate-independent tasks plus candidate-independent binding preparation have been claimed, verified, and reconciled:

| Task ID | Component Name | Deliverable Path | Status | Verification Summary |
|---|---|---|:---:|---|
| **MAC_HNI_01** | `RUN1_COMMAND_BINDER` | [`scripts/run1_physical/RUN1_PHYSICAL_BINDING_TEMPLATE.sh`](file:///Users/user/Downloads/2026-courier/scripts/run1_physical/RUN1_PHYSICAL_BINDING_TEMPLATE.sh) | **COMPLETE** | Template rendered with `${FINAL_SHA}` binding and stdout/stderr redirection. |
| **MAC_HNI_02** | `RUN1_EVIDENCE_LAYOUT` | [`scripts/run1_physical/RUN1_EVIDENCE_LAYOUT.md`](file:///Users/user/Downloads/2026-courier/scripts/run1_physical/RUN1_EVIDENCE_LAYOUT.md) | **COMPLETE** | Isolated `/tmp/courier_run1_{{FINAL_SHA}}/evidence/` layout specified. |
| **MAC_HNI_03** | `RUN1_A_ONCE_PROOF` | [`scripts/run1_physical/RUN1_A_ONCE_PROOF_CONTRACT.md`](file:///Users/user/Downloads/2026-courier/scripts/run1_physical/RUN1_A_ONCE_PROOF_CONTRACT.md) | **COMPLETE** | Strict invariant contract for `process_a == 1` defined and verified. |
| **MAC_HNI_04** | `RUN1_EXPECTED_HASH_CHAIN` | [`scripts/run1_physical/RUN1_EXPECTED_HASH_CHAIN.md`](file:///Users/user/Downloads/2026-courier/scripts/run1_physical/RUN1_EXPECTED_HASH_CHAIN.md) | **COMPLETE** | Deterministic SHA-256 artifact sequence aggregation algorithm specified. |
| **MAC_HNI_05** | `RUN1_SERVER_BYTES_PROOF` | [`scripts/run1_physical/RUN1_SERVER_BYTES_PROOF_CONTRACT.md`](file:///Users/user/Downloads/2026-courier/scripts/run1_physical/RUN1_SERVER_BYTES_PROOF_CONTRACT.md) | **COMPLETE** | Contract verifying serialized payload hash matches expected server bytes. |
| **MAC_HNI_06** | `RUN1_VERIFY_RECONCILE_PROOF` | [`scripts/run1_physical/RUN1_VERIFY_RECONCILE_PROOF_CONTRACT.md`](file:///Users/user/Downloads/2026-courier/scripts/run1_physical/RUN1_VERIFY_RECONCILE_PROOF_CONTRACT.md) | **COMPLETE** | Monotonic ordering requirement `VERIFY` strictly before `RECONCILE`. |
| **MAC_HNI_07** | `RUN1_B_AUTOSTART_PROOF` | [`scripts/run1_physical/RUN1_B_AUTOSTART_PROOF_CONTRACT.md`](file:///Users/user/Downloads/2026-courier/scripts/run1_physical/RUN1_B_AUTOSTART_PROOF_CONTRACT.md) | **COMPLETE** | Autonomous trigger verification contract for Process B post-A completion. |
| **MAC_HNI_08** | `RUN1_ZERO_RELAY_PROOF` | [`scripts/run1_physical/RUN1_ZERO_RELAY_PROOF_CONTRACT.md`](file:///Users/user/Downloads/2026-courier/scripts/run1_physical/RUN1_ZERO_RELAY_PROOF_CONTRACT.md) | **COMPLETE** | Invariant requiring `human_relay_count == 0` with zero manual states. |
| **MAC_HNI_09** | `RUN1_FAILED_EXECUTION_GUARD` | [`scripts/run1_physical/RUN1_FAILED_EXECUTION_GUARD.md`](file:///Users/user/Downloads/2026-courier/scripts/run1_physical/RUN1_FAILED_EXECUTION_GUARD.md) | **COMPLETE** | Non-zero exit code contamination guard preventing advancement to RUN 2. |
| **MAC_HNI_10** | `RUN1_RESULT_TEMPLATE` | [`scripts/run1_physical/RUN1_RESULT_TEMPLATE.json`](file:///Users/user/Downloads/2026-courier/scripts/run1_physical/RUN1_RESULT_TEMPLATE.json) | **COMPLETE** | Structured result capture schema prepared for RUN 1. |
| **MAC_HNI_11** | `RUN2_RESTART_BINDER` | [`scripts/run2_physical/RUN2_PHYSICAL_BINDING_TEMPLATE.sh`](file:///Users/user/Downloads/2026-courier/scripts/run2_physical/RUN2_PHYSICAL_BINDING_TEMPLATE.sh) | **COMPLETE** | RUN 2 restart harness template mounting durable RUN 1 state. |
| **MAC_HNI_12** | `RUN2_A_PERSISTENCE_PROOF` | [`scripts/run2_physical/RUN2_A_PERSISTENCE_PROOF_CONTRACT.md`](file:///Users/user/Downloads/2026-courier/scripts/run2_physical/RUN2_A_PERSISTENCE_PROOF_CONTRACT.md) | **COMPLETE** | Contract verifying initial state restoration (`process_a_status == 'COMPLETE'`). |
| **MAC_HNI_13** | `RUN2_NO_A_REPLAY_PROOF` | [`scripts/run2_physical/RUN2_NO_A_REPLAY_PROOF_CONTRACT.md`](file:///Users/user/Downloads/2026-courier/scripts/run2_physical/RUN2_NO_A_REPLAY_PROOF_CONTRACT.md) | **COMPLETE** | Invariant asserting Process A execution count is strictly 0 in RUN 2. |
| **MAC_HNI_14** | `RUN2_B_CONTINUATION_PROOF` | [`scripts/run2_physical/RUN2_B_CONTINUATION_PROOF_CONTRACT.md`](file:///Users/user/Downloads/2026-courier/scripts/run2_physical/RUN2_B_CONTINUATION_PROOF_CONTRACT.md) | **COMPLETE** | Verifies resumption directly from B_START without re-running VERIFY. |
| **MAC_HNI_15** | `RUN2_EXECUTION_COUNT_PROOF` | [`scripts/run2_physical/RUN2_EXECUTION_COUNT_PROOF_CONTRACT.md`](file:///Users/user/Downloads/2026-courier/scripts/run2_physical/RUN2_EXECUTION_COUNT_PROOF_CONTRACT.md) | **COMPLETE** | Global execution aggregate proof asserting strictly (A=1, B=1). |
| **MAC_HNI_16** | `RUNTIME_SOURCE_BINDING` | [`scripts/run1_physical/RUNTIME_SOURCE_BINDING.json`](file:///Users/user/Downloads/2026-courier/scripts/run1_physical/RUNTIME_SOURCE_BINDING.json) | **PREPARED** | Candidate-independent fields bound; awaiting authoritative durability. |
| **MAC_HNI_17** | `PROCESS_PORT_OWNERSHIP` | [`scripts/run1_physical/PROCESS_PORT_OWNERSHIP.md`](file:///Users/user/Downloads/2026-courier/scripts/run1_physical/PROCESS_PORT_OWNERSHIP.md) | **COMPLETE** | Port 8081 collision prevention and foreign process collision guards. |
| **MAC_HNI_18** | `STATE_LOG_ARTIFACT_ISOLATION` | [`scripts/run1_physical/STATE_LOG_ARTIFACT_ISOLATION.md`](file:///Users/user/Downloads/2026-courier/scripts/run1_physical/STATE_LOG_ARTIFACT_ISOLATION.md) | **COMPLETE** | Sandboxed path hierarchies ensuring zero leakages outside `$TARGET_DIR`. |
| **MAC_HNI_19** | `RESOURCE_ADMISSION` | [`scripts/run1_physical/RESOURCE_ADMISSION.md`](file:///Users/user/Downloads/2026-courier/scripts/run1_physical/RESOURCE_ADMISSION.md) | **COMPLETE** | Preflight RAM (>1.5 GB), Load (<4.0), and disk capacity guards. |
| **MAC_HNI_20** | `NO_TIGHT_POLLING_AUDIT` | [`scripts/run1_physical/NO_TIGHT_POLLING_AUDIT.md`](file:///Users/user/Downloads/2026-courier/scripts/run1_physical/NO_TIGHT_POLLING_AUDIT.md) | **COMPLETE** | Audit rules enforcing minimum sleep floors and backoff across loops. |
| **MAC_HNI_21** | `PROOF_CARD_FINALIZER` | [`scripts/run1_physical/verify_proof_contracts.py`](file:///Users/user/Downloads/2026-courier/scripts/run1_physical/verify_proof_contracts.py) | **COMPLETE** | Executable harness; verified all 11 contract tests & negative guards pass. |
| **MAC_HNI_22** | `CORE_FREEZE_CLOSEOUT` | [`docs/proofs/CORE_FREEZE_CLOSEOUT_CHECKLIST.md`](file:///Users/user/Downloads/2026-courier/docs/proofs/CORE_FREEZE_CLOSEOUT_CHECKLIST.md) | **COMPLETE** | Pre-freeze readiness gates fully reconciled and awaiting `FINAL_SHA`. |

---

## 2. Invariant & Gate Verification

1. **Self-Test & Falsifiability**:
   - Executed [`scripts/run1_physical/verify_proof_contracts.py --self-test`](file:///Users/user/Downloads/2026-courier/scripts/run1_physical/verify_proof_contracts.py).
   - All 11 proof contract validations and negative rejection tests (e.g. exit code 1 falsification) passed cleanly.
2. **Preflight Resource & Port Admission**:
   - `python3 scripts/run_physical.py --dry-run-check`: **PASSED** (RAM > 1GB, Load within bounds, Port 8081 free).
   - `python3 scripts/run_physical_restart.py --dry-run-check`: **PASSED**.
3. **Claim Hygiene**:
   - Sanitized all 24 claim files in [`ops/ai/wall_claims/`](file:///Users/user/Downloads/2026-courier/ops/ai/wall_claims/) to ensure strict, valid JSON format.
4. **Ledger Protection**:
   - Preserved `LEDGER_WORK=SKIP`. No edits made to [`ops/ai/wall_ledger/ledger.db`](file:///Users/user/Downloads/2026-courier/ops/ai/wall_ledger/ledger.db) or [`ops/ai/wall_ledger/ledger.jsonl`](file:///Users/user/Downloads/2026-courier/ops/ai/wall_ledger/ledger.jsonl).
5. **Cost Guard**:
   - Respects [`ops/ai/GATE_STATE_CURRENT.md`](file:///Users/user/Downloads/2026-courier/ops/ai/GATE_STATE_CURRENT.md) cost policy: Zero duplicate PRE_CODEX validation cycles against the unresolvable candidate.

---

## 3. Transition Readiness (Phases B through E)

- **Phase B Gate**: Monitoring for `PRE_CODEX_STATE=READY` and `CODEX_HIGH_ONCE` result.
- **Phase C Execution Plan**:
  1. Substitute `${FINAL_SHA}` into [`scripts/run1_physical/RUNTIME_SOURCE_BINDING.json`](file:///Users/user/Downloads/2026-courier/scripts/run1_physical/RUNTIME_SOURCE_BINDING.json).
  2. Single physical owner executes [`scripts/run1_physical/RUN1_PHYSICAL_BINDING_TEMPLATE.sh`](file:///Users/user/Downloads/2026-courier/scripts/run1_physical/RUN1_PHYSICAL_BINDING_TEMPLATE.sh).
  3. Validate artifacts via `verify_proof_contracts.py --verify-run1`.
- **Phase D Execution Plan**:
  1. Post RUN 1 PASS, single owner executes [`scripts/run2_physical/RUN2_PHYSICAL_BINDING_TEMPLATE.sh`](file:///Users/user/Downloads/2026-courier/scripts/run2_physical/RUN2_PHYSICAL_BINDING_TEMPLATE.sh).
  2. Validate restart & continuation via `verify_proof_contracts.py --verify-run2`.
- **Phase E Execution Plan**:
  1. Generate final Proof Card via `verify_proof_contracts.py --generate-proof-card`.
  2. Close out Core Freeze checklist [`docs/proofs/CORE_FREEZE_CLOSEOUT_CHECKLIST.md`](file:///Users/user/Downloads/2026-courier/docs/proofs/CORE_FREEZE_CLOSEOUT_CHECKLIST.md).
